Classic Timing Analyzer report for MICROP
Sat May 02 20:57:55 2026
Quartus II Version 9.1 Build 350 03/24/2010 Service Pack 2 SJ Web Edition


---------------------
; Table of Contents ;
---------------------
  1. Legal Notice
  2. Timing Analyzer Summary
  3. Timing Analyzer Settings
  4. Parallel Compilation
  5. tpd
  6. Timing Analyzer Messages



----------------
; Legal Notice ;
----------------
Copyright (C) 1991-2010 Altera Corporation
Your use of Altera Corporation's design tools, logic functions 
and other software and tools, and its AMPP partner logic 
functions, and any output files from any of the foregoing 
(including device programming or simulation files), and any 
associated documentation or information are expressly subject 
to the terms and conditions of the Altera Program License 
Subscription Agreement, Altera MegaCore Function License 
Agreement, or other applicable license agreement, including, 
without limitation, that your use is for the sole purpose of 
programming logic devices manufactured by Altera and sold by 
Altera or its authorized distributors.  Please refer to the 
applicable agreement for further details.



+------------------------------------------------------------------------------------------------------------------------------------+
; Timing Analyzer Summary                                                                                                            ;
+------------------------------+-------+---------------+-------------+---------+--------------+------------+----------+--------------+
; Type                         ; Slack ; Required Time ; Actual Time ; From    ; To           ; From Clock ; To Clock ; Failed Paths ;
+------------------------------+-------+---------------+-------------+---------+--------------+------------+----------+--------------+
; Worst-case tpd               ; N/A   ; None          ; 20.381 ns   ; a_in[0] ; flags_out[2] ; --         ; --       ; 0            ;
; Total number of failed paths ;       ;               ;             ;         ;              ;            ;          ; 0            ;
+------------------------------+-------+---------------+-------------+---------+--------------+------------+----------+--------------+


+-----------------------------------------------------------------------------------------------------------------------------------------------------+
; Timing Analyzer Settings                                                                                                                            ;
+------------------------------------------------------------------------------------------------------+--------------------+------+----+-------------+
; Option                                                                                               ; Setting            ; From ; To ; Entity Name ;
+------------------------------------------------------------------------------------------------------+--------------------+------+----+-------------+
; Device Name                                                                                          ; EP2C5T144C6        ;      ;    ;             ;
; Timing Models                                                                                        ; Final              ;      ;    ;             ;
; Default hold multicycle                                                                              ; Same as Multicycle ;      ;    ;             ;
; Cut paths between unrelated clock domains                                                            ; On                 ;      ;    ;             ;
; Cut off read during write signal paths                                                               ; On                 ;      ;    ;             ;
; Cut off feedback from I/O pins                                                                       ; On                 ;      ;    ;             ;
; Report Combined Fast/Slow Timing                                                                     ; Off                ;      ;    ;             ;
; Ignore Clock Settings                                                                                ; Off                ;      ;    ;             ;
; Analyze latches as synchronous elements                                                              ; On                 ;      ;    ;             ;
; Enable Recovery/Removal analysis                                                                     ; Off                ;      ;    ;             ;
; Enable Clock Latency                                                                                 ; Off                ;      ;    ;             ;
; Use TimeQuest Timing Analyzer                                                                        ; Off                ;      ;    ;             ;
; Number of source nodes to report per destination node                                                ; 10                 ;      ;    ;             ;
; Number of destination nodes to report                                                                ; 10                 ;      ;    ;             ;
; Number of paths to report                                                                            ; 200                ;      ;    ;             ;
; Report Minimum Timing Checks                                                                         ; Off                ;      ;    ;             ;
; Use Fast Timing Models                                                                               ; Off                ;      ;    ;             ;
; Report IO Paths Separately                                                                           ; Off                ;      ;    ;             ;
; Perform Multicorner Analysis                                                                         ; On                 ;      ;    ;             ;
; Reports the worst-case path for each clock domain and analysis                                       ; Off                ;      ;    ;             ;
; Reports worst-case timing paths for each clock domain and analysis                                   ; On                 ;      ;    ;             ;
; Specifies the maximum number of worst-case timing paths to report for each clock domain and analysis ; 100                ;      ;    ;             ;
; Removes common clock path pessimism (CCPP) during slack computation                                  ; Off                ;      ;    ;             ;
; Output I/O Timing Endpoint                                                                           ; Near End           ;      ;    ;             ;
+------------------------------------------------------------------------------------------------------+--------------------+------+----+-------------+


Parallel compilation was disabled, but you have multiple processors available. Enable parallel compilation to reduce compilation time.
+-------------------------------------+
; Parallel Compilation                ;
+----------------------------+--------+
; Processors                 ; Number ;
+----------------------------+--------+
; Number detected on machine ; 12     ;
; Maximum allowed            ; 1      ;
+----------------------------+--------+


+--------------------------------------------------------------------------------------------------------------------------------------------+
; tpd                                                                                                                                        ;
+-----------------------------------------+-----------------------------------------------------+-----------------+-----------+--------------+
; Slack                                   ; Required P2P Time                                   ; Actual P2P Time ; From      ; To           ;
+-----------------------------------------+-----------------------------------------------------+-----------------+-----------+--------------+
; N/A                                     ; None                                                ; 20.381 ns       ; a_in[0]   ; flags_out[2] ;
; N/A                                     ; None                                                ; 19.894 ns       ; a_in[2]   ; flags_out[2] ;
; N/A                                     ; None                                                ; 19.892 ns       ; a_in[0]   ; flags_out[3] ;
; N/A                                     ; None                                                ; 19.885 ns       ; b_in[5]   ; flags_out[3] ;
; N/A                                     ; None                                                ; 19.755 ns       ; b_in[2]   ; flags_out[2] ;
; N/A                                     ; None                                                ; 19.681 ns       ; a_in[0]   ; r_out[6]     ;
; N/A                                     ; None                                                ; 19.677 ns       ; b_in[0]   ; flags_out[2] ;
; N/A                                     ; None                                                ; 19.638 ns       ; b_in[1]   ; flags_out[2] ;
; N/A                                     ; None                                                ; 19.638 ns       ; a_in[1]   ; flags_out[2] ;
; N/A                                     ; None                                                ; 19.606 ns       ; a_in[0]   ; r_out[4]     ;
; N/A                                     ; None                                                ; 19.596 ns       ; op_sel[3] ; flags_out[1] ;
; N/A                                     ; None                                                ; 19.485 ns       ; b_in[0]   ; flags_out[3] ;
; N/A                                     ; None                                                ; 19.443 ns       ; a_in[2]   ; flags_out[3] ;
; N/A                                     ; None                                                ; 19.438 ns       ; b_in[5]   ; r_out[6]     ;
; N/A                                     ; None                                                ; 19.310 ns       ; b_in[2]   ; flags_out[3] ;
; N/A                                     ; None                                                ; 19.295 ns       ; op_sel[0] ; flags_out[1] ;
; N/A                                     ; None                                                ; 19.276 ns       ; a_in[3]   ; flags_out[2] ;
; N/A                                     ; None                                                ; 19.274 ns       ; b_in[1]   ; flags_out[3] ;
; N/A                                     ; None                                                ; 19.222 ns       ; b_in[5]   ; flags_out[2] ;
; N/A                                     ; None                                                ; 19.194 ns       ; a_in[2]   ; r_out[6]     ;
; N/A                                     ; None                                                ; 19.193 ns       ; b_in[3]   ; flags_out[2] ;
; N/A                                     ; None                                                ; 19.184 ns       ; a_in[1]   ; flags_out[3] ;
; N/A                                     ; None                                                ; 19.140 ns       ; a_in[3]   ; flags_out[3] ;
; N/A                                     ; None                                                ; 19.124 ns       ; a_in[4]   ; flags_out[3] ;
; N/A                                     ; None                                                ; 19.119 ns       ; a_in[2]   ; r_out[4]     ;
; N/A                                     ; None                                                ; 19.092 ns       ; a_in[0]   ; r_out[3]     ;
; N/A                                     ; None                                                ; 19.058 ns       ; b_in[3]   ; flags_out[3] ;
; N/A                                     ; None                                                ; 19.055 ns       ; b_in[2]   ; r_out[6]     ;
; N/A                                     ; None                                                ; 18.980 ns       ; b_in[2]   ; r_out[4]     ;
; N/A                                     ; None                                                ; 18.977 ns       ; b_in[0]   ; r_out[6]     ;
; N/A                                     ; None                                                ; 18.975 ns       ; op_sel[2] ; flags_out[1] ;
; N/A                                     ; None                                                ; 18.955 ns       ; op_sel[1] ; flags_out[1] ;
; N/A                                     ; None                                                ; 18.938 ns       ; b_in[1]   ; r_out[6]     ;
; N/A                                     ; None                                                ; 18.938 ns       ; a_in[1]   ; r_out[6]     ;
; N/A                                     ; None                                                ; 18.929 ns       ; a_in[5]   ; flags_out[3] ;
; N/A                                     ; None                                                ; 18.911 ns       ; b_in[6]   ; flags_out[3] ;
; N/A                                     ; None                                                ; 18.902 ns       ; b_in[0]   ; r_out[4]     ;
; N/A                                     ; None                                                ; 18.887 ns       ; a_in[3]   ; r_out[6]     ;
; N/A                                     ; None                                                ; 18.863 ns       ; b_in[1]   ; r_out[4]     ;
; N/A                                     ; None                                                ; 18.863 ns       ; a_in[1]   ; r_out[4]     ;
; N/A                                     ; None                                                ; 18.805 ns       ; b_in[3]   ; r_out[6]     ;
; N/A                                     ; None                                                ; 18.647 ns       ; b_in[4]   ; flags_out[3] ;
; N/A                                     ; None                                                ; 18.501 ns       ; a_in[3]   ; r_out[4]     ;
; N/A                                     ; None                                                ; 18.482 ns       ; a_in[5]   ; r_out[6]     ;
; N/A                                     ; None                                                ; 18.477 ns       ; a_in[4]   ; flags_out[2] ;
; N/A                                     ; None                                                ; 18.474 ns       ; a_in[0]   ; r_out[7]     ;
; N/A                                     ; None                                                ; 18.470 ns       ; b_in[4]   ; flags_out[2] ;
; N/A                                     ; None                                                ; 18.467 ns       ; b_in[5]   ; r_out[7]     ;
; N/A                                     ; None                                                ; 18.464 ns       ; b_in[6]   ; r_out[6]     ;
; N/A                                     ; None                                                ; 18.418 ns       ; b_in[3]   ; r_out[4]     ;
; N/A                                     ; None                                                ; 18.388 ns       ; b_in[0]   ; r_out[3]     ;
; N/A                                     ; None                                                ; 18.370 ns       ; a_in[4]   ; r_out[6]     ;
; N/A                                     ; None                                                ; 18.363 ns       ; a_in[7]   ; flags_out[3] ;
; N/A                                     ; None                                                ; 18.360 ns       ; b_in[4]   ; r_out[6]     ;
; N/A                                     ; None                                                ; 18.349 ns       ; b_in[1]   ; r_out[3]     ;
; N/A                                     ; None                                                ; 18.349 ns       ; a_in[1]   ; r_out[3]     ;
; N/A                                     ; None                                                ; 18.307 ns       ; a_in[0]   ; r_out[5]     ;
; N/A                                     ; None                                                ; 18.293 ns       ; a_in[2]   ; r_out[3]     ;
; N/A                                     ; None                                                ; 18.266 ns       ; a_in[5]   ; flags_out[2] ;
; N/A                                     ; None                                                ; 18.248 ns       ; b_in[6]   ; flags_out[2] ;
; N/A                                     ; None                                                ; 18.226 ns       ; a_in[6]   ; flags_out[3] ;
; N/A                                     ; None                                                ; 18.157 ns       ; b_in[2]   ; r_out[3]     ;
; N/A                                     ; None                                                ; 18.067 ns       ; b_in[0]   ; r_out[7]     ;
; N/A                                     ; None                                                ; 18.052 ns       ; b_in[7]   ; flags_out[3] ;
; N/A                                     ; None                                                ; 18.025 ns       ; a_in[2]   ; r_out[7]     ;
; N/A                                     ; None                                                ; 18.019 ns       ; c_in      ; flags_out[3] ;
; N/A                                     ; None                                                ; 17.964 ns       ; c_in      ; flags_out[2] ;
; N/A                                     ; None                                                ; 17.961 ns       ; a_in[0]   ; flags_out[4] ;
; N/A                                     ; None                                                ; 17.954 ns       ; b_in[5]   ; flags_out[4] ;
; N/A                                     ; None                                                ; 17.892 ns       ; b_in[2]   ; r_out[7]     ;
; N/A                                     ; None                                                ; 17.856 ns       ; b_in[1]   ; r_out[7]     ;
; N/A                                     ; None                                                ; 17.820 ns       ; a_in[2]   ; r_out[5]     ;
; N/A                                     ; None                                                ; 17.766 ns       ; a_in[1]   ; r_out[7]     ;
; N/A                                     ; None                                                ; 17.722 ns       ; a_in[3]   ; r_out[7]     ;
; N/A                                     ; None                                                ; 17.706 ns       ; a_in[4]   ; r_out[7]     ;
; N/A                                     ; None                                                ; 17.702 ns       ; a_in[4]   ; r_out[4]     ;
; N/A                                     ; None                                                ; 17.695 ns       ; b_in[4]   ; r_out[4]     ;
; N/A                                     ; None                                                ; 17.681 ns       ; b_in[2]   ; r_out[5]     ;
; N/A                                     ; None                                                ; 17.675 ns       ; a_in[3]   ; r_out[3]     ;
; N/A                                     ; None                                                ; 17.640 ns       ; b_in[3]   ; r_out[7]     ;
; N/A                                     ; None                                                ; 17.603 ns       ; b_in[0]   ; r_out[5]     ;
; N/A                                     ; None                                                ; 17.595 ns       ; b_in[5]   ; r_out[5]     ;
; N/A                                     ; None                                                ; 17.592 ns       ; b_in[3]   ; r_out[3]     ;
; N/A                                     ; None                                                ; 17.564 ns       ; b_in[1]   ; r_out[5]     ;
; N/A                                     ; None                                                ; 17.564 ns       ; a_in[1]   ; r_out[5]     ;
; N/A                                     ; None                                                ; 17.554 ns       ; b_in[0]   ; flags_out[4] ;
; N/A                                     ; None                                                ; 17.513 ns       ; a_in[3]   ; r_out[5]     ;
; N/A                                     ; None                                                ; 17.512 ns       ; a_in[2]   ; flags_out[4] ;
; N/A                                     ; None                                                ; 17.511 ns       ; a_in[5]   ; r_out[7]     ;
; N/A                                     ; None                                                ; 17.493 ns       ; b_in[6]   ; r_out[7]     ;
; N/A                                     ; None                                                ; 17.493 ns       ; a_in[0]   ; r_out[2]     ;
; N/A                                     ; None                                                ; 17.486 ns       ; b_in[0]   ; r_out[2]     ;
; N/A                                     ; None                                                ; 17.431 ns       ; b_in[3]   ; r_out[5]     ;
; N/A                                     ; None                                                ; 17.414 ns       ; a_in[0]   ; r_out[1]     ;
; N/A                                     ; None                                                ; 17.406 ns       ; b_in[2]   ; flags_out[1] ;
; N/A                                     ; None                                                ; 17.379 ns       ; b_in[2]   ; flags_out[4] ;
; N/A                                     ; None                                                ; 17.343 ns       ; b_in[1]   ; flags_out[4] ;
; N/A                                     ; None                                                ; 17.264 ns       ; c_in      ; r_out[6]     ;
; N/A                                     ; None                                                ; 17.256 ns       ; a_in[0]   ; flags_out[0] ;
; N/A                                     ; None                                                ; 17.253 ns       ; a_in[1]   ; flags_out[4] ;
; N/A                                     ; None                                                ; 17.249 ns       ; b_in[5]   ; flags_out[0] ;
; N/A                                     ; None                                                ; 17.229 ns       ; b_in[4]   ; r_out[7]     ;
; N/A                                     ; None                                                ; 17.209 ns       ; a_in[3]   ; flags_out[4] ;
; N/A                                     ; None                                                ; 17.204 ns       ; op_sel[0] ; flags_out[2] ;
; N/A                                     ; None                                                ; 17.193 ns       ; a_in[4]   ; flags_out[4] ;
; N/A                                     ; None                                                ; 17.189 ns       ; c_in      ; r_out[4]     ;
; N/A                                     ; None                                                ; 17.170 ns       ; a_in[6]   ; r_out[6]     ;
; N/A                                     ; None                                                ; 17.127 ns       ; b_in[3]   ; flags_out[4] ;
; N/A                                     ; None                                                ; 17.055 ns       ; b_in[1]   ; r_out[2]     ;
; N/A                                     ; None                                                ; 17.051 ns       ; a_in[7]   ; flags_out[2] ;
; N/A                                     ; None                                                ; 16.998 ns       ; a_in[5]   ; flags_out[4] ;
; N/A                                     ; None                                                ; 16.980 ns       ; b_in[6]   ; flags_out[4] ;
; N/A                                     ; None                                                ; 16.954 ns       ; a_in[6]   ; flags_out[2] ;
; N/A                                     ; None                                                ; 16.945 ns       ; a_in[7]   ; r_out[7]     ;
; N/A                                     ; None                                                ; 16.808 ns       ; a_in[6]   ; r_out[7]     ;
; N/A                                     ; None                                                ; 16.807 ns       ; a_in[2]   ; flags_out[0] ;
; N/A                                     ; None                                                ; 16.774 ns       ; b_in[2]   ; r_out[2]     ;
; N/A                                     ; None                                                ; 16.767 ns       ; a_in[1]   ; r_out[2]     ;
; N/A                                     ; None                                                ; 16.740 ns       ; b_in[7]   ; flags_out[2] ;
; N/A                                     ; None                                                ; 16.732 ns       ; op_sel[3] ; flags_out[2] ;
; N/A                                     ; None                                                ; 16.716 ns       ; b_in[4]   ; flags_out[4] ;
; N/A                                     ; None                                                ; 16.715 ns       ; a_in[4]   ; r_out[5]     ;
; N/A                                     ; None                                                ; 16.714 ns       ; b_in[0]   ; r_out[1]     ;
; N/A                                     ; None                                                ; 16.708 ns       ; b_in[4]   ; r_out[5]     ;
; N/A                                     ; None                                                ; 16.675 ns       ; c_in      ; r_out[3]     ;
; N/A                                     ; None                                                ; 16.668 ns       ; b_in[2]   ; flags_out[0] ;
; N/A                                     ; None                                                ; 16.641 ns       ; op_sel[2] ; flags_out[2] ;
; N/A                                     ; None                                                ; 16.636 ns       ; a_in[5]   ; r_out[5]     ;
; N/A                                     ; None                                                ; 16.634 ns       ; b_in[7]   ; r_out[7]     ;
; N/A                                     ; None                                                ; 16.619 ns       ; a_in[2]   ; r_out[2]     ;
; N/A                                     ; None                                                ; 16.616 ns       ; b_in[0]   ; flags_out[0] ;
; N/A                                     ; None                                                ; 16.601 ns       ; c_in      ; r_out[7]     ;
; N/A                                     ; None                                                ; 16.567 ns       ; b_in[6]   ; flags_out[0] ;
; N/A                                     ; None                                                ; 16.548 ns       ; b_in[1]   ; flags_out[0] ;
; N/A                                     ; None                                                ; 16.548 ns       ; a_in[1]   ; flags_out[0] ;
; N/A                                     ; None                                                ; 16.527 ns       ; a_in[0]   ; r_out[0]     ;
; N/A                                     ; None                                                ; 16.504 ns       ; a_in[3]   ; flags_out[0] ;
; N/A                                     ; None                                                ; 16.432 ns       ; a_in[7]   ; flags_out[4] ;
; N/A                                     ; None                                                ; 16.429 ns       ; op_sel[0] ; r_out[4]     ;
; N/A                                     ; None                                                ; 16.422 ns       ; b_in[3]   ; flags_out[0] ;
; N/A                                     ; None                                                ; 16.391 ns       ; b_in[1]   ; r_out[1]     ;
; N/A                                     ; None                                                ; 16.390 ns       ; a_in[1]   ; r_out[1]     ;
; N/A                                     ; None                                                ; 16.295 ns       ; a_in[6]   ; flags_out[4] ;
; N/A                                     ; None                                                ; 16.293 ns       ; a_in[5]   ; flags_out[0] ;
; N/A                                     ; None                                                ; 16.287 ns       ; a_in[4]   ; flags_out[0] ;
; N/A                                     ; None                                                ; 16.196 ns       ; op_sel[0] ; r_out[6]     ;
; N/A                                     ; None                                                ; 16.145 ns       ; c_in      ; r_out[2]     ;
; N/A                                     ; None                                                ; 16.130 ns       ; op_sel[0] ; flags_out[3] ;
; N/A                                     ; None                                                ; 16.121 ns       ; b_in[7]   ; flags_out[4] ;
; N/A                                     ; None                                                ; 16.088 ns       ; c_in      ; flags_out[4] ;
; N/A                                     ; None                                                ; 16.075 ns       ; op_sel[1] ; flags_out[3] ;
; N/A                                     ; None                                                ; 16.048 ns       ; op_sel[1] ; flags_out[2] ;
; N/A                                     ; None                                                ; 16.011 ns       ; b_in[4]   ; flags_out[0] ;
; N/A                                     ; None                                                ; 15.957 ns       ; op_sel[3] ; r_out[4]     ;
; N/A                                     ; None                                                ; 15.933 ns       ; op_sel[2] ; r_out[6]     ;
; N/A                                     ; None                                                ; 15.890 ns       ; c_in      ; r_out[5]     ;
; N/A                                     ; None                                                ; 15.876 ns       ; a_in[7]   ; flags_out[0] ;
; N/A                                     ; None                                                ; 15.866 ns       ; op_sel[2] ; r_out[4]     ;
; N/A                                     ; None                                                ; 15.861 ns       ; b_in[0]   ; r_out[0]     ;
; N/A                                     ; None                                                ; 15.819 ns       ; op_sel[0] ; r_out[3]     ;
; N/A                                     ; None                                                ; 15.802 ns       ; op_sel[2] ; flags_out[3] ;
; N/A                                     ; None                                                ; 15.732 ns       ; b_in[7]   ; flags_out[0] ;
; N/A                                     ; None                                                ; 15.697 ns       ; a_in[6]   ; flags_out[0] ;
; N/A                                     ; None                                                ; 15.555 ns       ; op_sel[2] ; r_out[3]     ;
; N/A                                     ; None                                                ; 15.524 ns       ; op_sel[3] ; r_out[6]     ;
; N/A                                     ; None                                                ; 15.450 ns       ; op_sel[3] ; r_out[5]     ;
; N/A                                     ; None                                                ; 15.426 ns       ; op_sel[3] ; r_out[2]     ;
; N/A                                     ; None                                                ; 15.358 ns       ; b_in[0]   ; flags_out[1] ;
; N/A                                     ; None                                                ; 15.312 ns       ; c_in      ; r_out[1]     ;
; N/A                                     ; None                                                ; 15.273 ns       ; op_sel[1] ; r_out[4]     ;
; N/A                                     ; None                                                ; 15.148 ns       ; c_in      ; flags_out[0] ;
; N/A                                     ; None                                                ; 15.128 ns       ; op_sel[3] ; r_out[3]     ;
; N/A                                     ; None                                                ; 15.080 ns       ; op_sel[0] ; r_out[5]     ;
; N/A                                     ; None                                                ; 15.079 ns       ; op_sel[0] ; r_out[2]     ;
; N/A                                     ; None                                                ; 14.840 ns       ; op_sel[1] ; r_out[6]     ;
; N/A                                     ; None                                                ; 14.785 ns       ; op_sel[2] ; r_out[5]     ;
; N/A                                     ; None                                                ; 14.766 ns       ; op_sel[1] ; r_out[5]     ;
; N/A                                     ; None                                                ; 14.763 ns       ; c_in      ; r_out[0]     ;
; N/A                                     ; None                                                ; 14.757 ns       ; op_sel[2] ; r_out[2]     ;
; N/A                                     ; None                                                ; 14.748 ns       ; a_in[0]   ; flags_out[1] ;
; N/A                                     ; None                                                ; 14.739 ns       ; op_sel[1] ; r_out[2]     ;
; N/A                                     ; None                                                ; 14.712 ns       ; op_sel[0] ; r_out[7]     ;
; N/A                                     ; None                                                ; 14.657 ns       ; op_sel[1] ; r_out[7]     ;
; N/A                                     ; None                                                ; 14.616 ns       ; a_in[7]   ; r_out[6]     ;
; N/A                                     ; None                                                ; 14.492 ns       ; b_in[3]   ; flags_out[1] ;
; N/A                                     ; None                                                ; 14.441 ns       ; op_sel[1] ; r_out[3]     ;
; N/A                                     ; None                                                ; 14.384 ns       ; op_sel[2] ; r_out[7]     ;
; N/A                                     ; None                                                ; 14.338 ns       ; b_in[1]   ; flags_out[1] ;
; N/A                                     ; None                                                ; 14.330 ns       ; op_sel[0] ; r_out[1]     ;
; N/A                                     ; None                                                ; 14.299 ns       ; a_in[1]   ; flags_out[1] ;
; N/A                                     ; None                                                ; 14.199 ns       ; op_sel[0] ; flags_out[4] ;
; N/A                                     ; None                                                ; 14.144 ns       ; op_sel[1] ; flags_out[4] ;
; N/A                                     ; None                                                ; 14.100 ns       ; a_in[3]   ; flags_out[1] ;
; N/A                                     ; None                                                ; 14.082 ns       ; a_in[5]   ; r_out[4]     ;
; N/A                                     ; None                                                ; 14.051 ns       ; a_in[2]   ; flags_out[1] ;
; N/A                                     ; None                                                ; 13.996 ns       ; c_in      ; flags_out[1] ;
; N/A                                     ; None                                                ; 13.980 ns       ; op_sel[0] ; r_out[0]     ;
; N/A                                     ; None                                                ; 13.924 ns       ; op_sel[2] ; r_out[1]     ;
; N/A                                     ; None                                                ; 13.871 ns       ; op_sel[2] ; flags_out[4] ;
; N/A                                     ; None                                                ; 13.776 ns       ; op_sel[2] ; r_out[0]     ;
; Timing analysis restricted to 200 rows. ; To change the limit use Settings (Assignments menu) ;                 ;           ;              ;
+-----------------------------------------+-----------------------------------------------------+-----------------+-----------+--------------+


+--------------------------+
; Timing Analyzer Messages ;
+--------------------------+
Info: *******************************************************************
Info: Running Quartus II Classic Timing Analyzer
    Info: Version 9.1 Build 350 03/24/2010 Service Pack 2 SJ Web Edition
    Info: Processing started: Sat May 02 20:57:55 2026
Info: Command: quartus_tan --read_settings_files=off --write_settings_files=off MICROP -c MICROP --timing_analysis_only
Info: Longest tpd from source pin "a_in[0]" to destination pin "flags_out[2]" is 20.381 ns
    Info: 1: + IC(0.000 ns) + CELL(0.840 ns) = 0.840 ns; Loc. = PIN_57; Fanout = 13; PIN Node = 'a_in[0]'
    Info: 2: + IC(6.286 ns) + CELL(0.414 ns) = 7.540 ns; Loc. = LCCOMB_X25_Y11_N4; Fanout = 2; COMB Node = 'res_add[0]~1'
    Info: 3: + IC(0.000 ns) + CELL(0.410 ns) = 7.950 ns; Loc. = LCCOMB_X25_Y11_N6; Fanout = 3; COMB Node = 'res_add[1]~2'
    Info: 4: + IC(0.468 ns) + CELL(0.414 ns) = 8.832 ns; Loc. = LCCOMB_X24_Y11_N2; Fanout = 2; COMB Node = 'res_addc[1]~3'
    Info: 5: + IC(0.000 ns) + CELL(0.071 ns) = 8.903 ns; Loc. = LCCOMB_X24_Y11_N4; Fanout = 2; COMB Node = 'res_addc[2]~5'
    Info: 6: + IC(0.000 ns) + CELL(0.071 ns) = 8.974 ns; Loc. = LCCOMB_X24_Y11_N6; Fanout = 2; COMB Node = 'res_addc[3]~7'
    Info: 7: + IC(0.000 ns) + CELL(0.410 ns) = 9.384 ns; Loc. = LCCOMB_X24_Y11_N8; Fanout = 1; COMB Node = 'res_addc[4]~8'
    Info: 8: + IC(1.448 ns) + CELL(0.438 ns) = 11.270 ns; Loc. = LCCOMB_X13_Y7_N12; Fanout = 1; COMB Node = 'Mux3~1'
    Info: 9: + IC(0.502 ns) + CELL(0.275 ns) = 12.047 ns; Loc. = LCCOMB_X13_Y7_N14; Fanout = 1; COMB Node = 'Mux3~2'
    Info: 10: + IC(1.438 ns) + CELL(0.275 ns) = 13.760 ns; Loc. = LCCOMB_X25_Y11_N28; Fanout = 1; COMB Node = 'Mux3~3'
    Info: 11: + IC(1.213 ns) + CELL(0.150 ns) = 15.123 ns; Loc. = LCCOMB_X18_Y9_N6; Fanout = 2; COMB Node = 'Mux3~6'
    Info: 12: + IC(0.257 ns) + CELL(0.150 ns) = 15.530 ns; Loc. = LCCOMB_X18_Y9_N2; Fanout = 1; COMB Node = 'Equal4~0'
    Info: 13: + IC(0.446 ns) + CELL(0.436 ns) = 16.412 ns; Loc. = LCCOMB_X18_Y9_N14; Fanout = 1; COMB Node = 'Equal4~2'
    Info: 14: + IC(1.181 ns) + CELL(2.788 ns) = 20.381 ns; Loc. = PIN_126; Fanout = 0; PIN Node = 'flags_out[2]'
    Info: Total cell delay = 7.142 ns ( 35.04 % )
    Info: Total interconnect delay = 13.239 ns ( 64.96 % )
Info: Quartus II Classic Timing Analyzer was successful. 0 errors, 0 warnings
    Info: Peak virtual memory: 184 megabytes
    Info: Processing ended: Sat May 02 20:57:55 2026
    Info: Elapsed time: 00:00:00
    Info: Total CPU time (on all processors): 00:00:00


